17:19:09 | SESSION:667ea940 | AGENT:ui-ux-spec-agent | INVOKED | REQ-1758295149-2531
17:19:36 | SESSION:667ea940 | AGENT:tree-of-thought-agent | INVOKED | REQ-1758295176-1835
17:23:52 | SESSION:667ea940 | AGENT:brainstormer | INVOKED | REQ-1758295432-3185
17:23:53 | SESSION:667ea940 | AGENT:brainstormer | INVOKED | REQ-1758295433-2083
17:26:11 | SESSION:667ea940 | FILE_MODIFY | SUCCESS | Write executed
17:26:37 | SESSION:667ea940 | FILE_MODIFY | SUCCESS | Edit executed
17:27:22 | SESSION:667ea940 | FILE_MODIFY | SUCCESS | MultiEdit executed
17:28:07 | SESSION:667ea940 | FILE_MODIFY | SUCCESS | Write executed
17:28:30 | SESSION:667ea940 | AGENT:brainstormer | INVOKED | REQ-1758295710-1050
17:30:16 | SESSION:667ea940 | FILE_MODIFY | SUCCESS | Edit executed
17:31:01 | SESSION:667ea940 | FILE_MODIFY | SUCCESS | Edit executed
17:31:33 | SESSION:667ea940 | FILE_MODIFY | SUCCESS | Edit executed
17:31:34 | SESSION:667ea940 | FILE_MODIFY | SUCCESS | Edit executed
17:31:46 | SESSION:667ea940 | FILE_MODIFY | SUCCESS | Write executed
17:32:35 | SESSION:667ea940 | FILE_MODIFY | SUCCESS | Edit executed
17:32:35 | SESSION:667ea940 | FILE_MODIFY | SUCCESS | Write executed
17:32:36 | SESSION:667ea940 | FILE_MODIFY | SUCCESS | Write executed
17:32:48 | SESSION:667ea940 | FILE_MODIFY | SUCCESS | Write executed
17:33:43 | SESSION:667ea940 | FILE_MODIFY | SUCCESS | Edit executed
17:33:43 | SESSION:667ea940 | FILE_MODIFY | SUCCESS | Write executed
17:33:43 | SESSION:667ea940 | FILE_MODIFY | SUCCESS | Write executed
17:35:17 | SESSION:667ea940 | FILE_MODIFY | SUCCESS | Write executed
17:35:17 | SESSION:667ea940 | FILE_MODIFY | SUCCESS | Write executed
17:35:17 | SESSION:667ea940 | FILE_MODIFY | SUCCESS | Write executed
17:36:09 | SESSION:667ea940 | FILE_MODIFY | SUCCESS | Write executed
17:36:09 | SESSION:667ea940 | FILE_MODIFY | SUCCESS | MultiEdit executed
17:36:29 | SESSION:667ea940 | FILE_MODIFY | SUCCESS | Edit executed
18:33:21 | SESSION:667ea940 | FILE_MODIFY | SUCCESS | Edit executed
